     VMA      LMA     Size Align Out     In      Symbol
       0        0        0     1 __rc0 = 0x00
       0        0        0     1 __rc1 = __rc0 + 1
       0        0        0     1 PROVIDE(__rc2 = __rc1 + 1)
       0        0        0     1 __rc3 = __rc2 + 1
       0        0        0     1 PROVIDE(__rc4 = __rc3 + 1)
       0        0        0     1 __rc5 = __rc4 + 1
       0        0        0     1 PROVIDE(__rc6 = __rc5 + 1)
       0        0        0     1 __rc7 = __rc6 + 1
       0        0        0     1 PROVIDE(__rc8 = __rc7 + 1)
       0        0        0     1 __rc9 = __rc8 + 1
       0        0        0     1 PROVIDE(__rc10 = __rc9 + 1)
       0        0        0     1 __rc11 = __rc10 + 1
       0        0        0     1 PROVIDE(__rc12 = __rc11 + 1)
       0        0        0     1 __rc13 = __rc12 + 1
       0        0        0     1 PROVIDE(__rc14 = __rc13 + 1)
       0        0        0     1 __rc15 = __rc14 + 1
       0        0        0     1 PROVIDE(__rc16 = __rc15 + 1)
       0        0        0     1 __rc17 = __rc16 + 1
       0        0        0     1 PROVIDE(__rc18 = __rc17 + 1)
       0        0        0     1 __rc19 = __rc18 + 1
       0        0        0     1 PROVIDE(__rc20 = __rc19 + 1)
       0        0        0     1 __rc21 = __rc20 + 1
       0        0        0     1 PROVIDE(__rc22 = __rc21 + 1)
       0        0        0     1 __rc23 = __rc22 + 1
       0        0        0     1 PROVIDE(__rc24 = __rc23 + 1)
       0        0        0     1 __rc25 = __rc24 + 1
       0        0        0     1 PROVIDE(__rc26 = __rc25 + 1)
       0        0        0     1 __rc27 = __rc26 + 1
       0        0        0     1 PROVIDE(__rc28 = __rc27 + 1)
       0        0        0     1 __rc29 = __rc28 + 1
       0        0        0     1 PROVIDE(__rc30 = __rc29 + 1)
       0        0        0     1 __rc31 = __rc30 + 1
       0        0        0     1 
       0        0        0     1 PROVIDE(__hiram_reserved_size = 0)
       0        0        0     1 __hiram_start = MIN(0xfc00, 0xfff0 - __hiram_reserved_size)
      20       20        0     1 .zp.data
      20       20        0     1         __zp_data_start = .
      20       20        0     1 __zp_data_load_start = LOADADDR(.zp.data)
      20       20        0     1 __zp_data_size = SIZEOF(.zp.data)
      20       20        c     1 .zp.bss
      20       20        0     1         __zp_bss_start = .
      20       20        c     1         wizard.o.lto.o:(.zp.bss)
      20       20        2     1                 playerMapPos
      22       22        2     1                 moveCount
      24       24        8     1                 channelInstrument
      2c       2c        0     1 __zp_bss_size = SIZEOF(.zp.bss)
     200      200     25f3     1 .text
     200      200        0     1         _init = .
     200      200        0     1         _start = .
     200      200        8     1         D:\dev\llvm-mos\bin/../mos-platform/lynx/lib\libcrt0.a(init-stack.S.obj):(.init.100)
     200      200        0     1                 __do_init_stack
     208      208        3     1         D:\dev\llvm-mos\bin/../mos-platform/lynx/lib\libcrt0.a(zero-bss.c.obj):(.init.200)
     208      208        0     1                 __do_zero_bss
     20b      20b        3     1         D:\dev\llvm-mos\bin/../mos-platform/lynx/lib\libcrt0.a(zero-zp-bss.c.obj):(.init.200)
     20b      20b        0     1                 __do_zero_zp_bss
     20e      20e        3     1         D:\dev\llvm-mos\bin/../mos-platform/common/lib\crt0.o:(.call_main)
     211      211        3     1         D:\dev\llvm-mos\bin/../mos-platform/lynx/lib\libcrt0.a(exit-custom.S.obj):(.after_main)
     211      211        0     1                 __after_main
     214      214        0     1         _fini = .
     214      214        1     1         D:\dev\llvm-mos\bin/../mos-platform/common/lib\crt0.o:(.fini_rts)
     215      215       13     1         D:\dev\llvm-mos\bin/../mos-platform/lynx/lib\libcrt0.a(zero-bss.c.obj):(.text.__zero_bss)
     215      215       13     1                 __zero_bss
     228      228       13     1         D:\dev\llvm-mos\bin/../mos-platform/lynx/lib\libcrt0.a(zero-zp-bss.c.obj):(.text.__zero_zp_bss)
     228      228       13     1                 __zero_zp_bss
     23b      23b      23f     1         wizard.o.lto.o:(.text.InitPlayfieldSCBs)
     23b      23b      23f     1                 InitPlayfieldSCBs
     47a      47a      236     1         wizard.o.lto.o:(.text.DrawPlayfield)
     47a      47a      236     1                 DrawPlayfield
     6b0      6b0      1b1     1         wizard.o.lto.o:(.text.DrawInventory)
     6b0      6b0      1b1     1                 DrawInventory
     861      861       21     1         wizard.o.lto.o:(.text.InitGame)
     861      861       21     1                 InitGame
     882      882       83     1         wizard.o.lto.o:(.text.DoShipMove)
     882      882       83     1                 DoShipMove
     905      905       af     1         wizard.o.lto.o:(.text.PlaySoundBlock)
     905      905       af     1                 PlaySoundBlock
     9b4      9b4      464     1         wizard.o.lto.o:(.text.MovePlayer)
     9b4      9b4      464     1                 MovePlayer
     e18      e18       15     1         wizard.o.lto.o:(.text.WaitDPad)
     e18      e18       15     1                 WaitDPad
     e2d      e2d       4d     1         wizard.o.lto.o:(.text.Redraw)
     e2d      e2d       4d     1                 Redraw
     e7a      e7a      43f     1         wizard.o.lto.o:(.text.DoIntro)
     e7a      e7a      43f     1                 DoIntro
    12b9     12b9       15     1         wizard.o.lto.o:(.text.WaitKey)
    12b9     12b9       15     1                 WaitKey
    12ce     12ce      16f     1         wizard.o.lto.o:(.text.main)
    12ce     12ce      16f     1                 main
    143d     143d       62     1         wizard.o.lto.o:(.text.InitLynx)
    143d     143d       62     1                 InitLynx
    149f     149f       10     1         wizard.o.lto.o:(.text.WaitVSync)
    149f     149f       10     1                 WaitVSync
    14af     14af       56     1         wizard.o.lto.o:(.text.DrawSprites)
    14af     14af       56     1                 DrawSprites
    1505     1505       41     1         wizard.o.lto.o:(.text.SwapBuffers)
    1505     1505       41     1                 SwapBuffers
    1546     1546       a6     1         wizard.o.lto.o:(.text.SetPalette)
    1546     1546       a6     1                 SetPalette
    15ec     15ec      109     1         wizard.o.lto.o:(.text.TextInit)
    15ec     15ec      109     1                 TextInit
    16f5     16f5       97     1         wizard.o.lto.o:(.text.TextDrawChar)
    16f5     16f5       97     1                 TextDrawChar
    178c     178c      161     1         wizard.o.lto.o:(.text.TextDrawString)
    178c     178c      161     1                 TextDrawString
    18ed     18ed       b1     1         wizard.o.lto.o:(.text.TextDrawInt)
    18ed     18ed       b1     1                 TextDrawInt
    199e     199e      26b     1         wizard.o.lto.o:(.text.uitoa)
    199e     199e      26b     1                 uitoa
    1c09     1c09      372     1         wizard.o.lto.o:(.text.TextDrawHex)
    1c09     1c09      372     1                 TextDrawHex
    1f7b     1f7b       1e     1         wizard.o.lto.o:(.text.InitSound)
    1f7b     1f7b       1e     1                 InitSound
    1f99     1f99      2ef     1         wizard.o.lto.o:(.text.StartSound)
    1f99     1f99      2ef     1                 StartSound
    2288     2288       e1     1         wizard.o.lto.o:(.text.EndSound)
    2288     2288       e1     1                 EndSound
    2369     2369      2db     1         wizard.o.lto.o:(.text.UpdateSound)
    2369     2369      2db     1                 UpdateSound
    2644     2644        5     1         wizard.o.lto.o:(.text.exit)
    2644     2644        5     1                 exit
    2649     2649       2c     1         wizard.o.lto.o:(.text.memcpy)
    2649     2649       2c     1                 memcpy
    2675     2675       20     1         wizard.o.lto.o:(.text.__memset)
    2675     2675       20     1                 __memset
    2695     2695       b9     1         wizard.o.lto.o:(.text.__udivhi3)
    2695     2695       b9     1                 __udivhi3
    274e     274e       a5     1         wizard.o.lto.o:(.text.__umodhi3)
    274e     274e       a5     1                 __umodhi3
    27f3     27f3        0     1         __init_array_start = .
    27f3     27f3        0     1         __init_array_end = .
    27f3     27f3        0     1         __fini_array_start = .
    27f3     27f3        0     1         __fini_array_end = .
    27f3     27f3      9cd     1 .rodata
    27f3     27f3       46     1         wizard.o.lto.o:(.rodata.tileSprPtrs)
    27f3     27f3       46     1                 tileSprPtrs
    2839     2839       8c     1         wizard.o.lto.o:(.rodata.objects)
    2839     2839       8c     1                 objects
    28c5     28c5       32     1         wizard.o.lto.o:(.rodata.jumpStartPos)
    28c5     28c5       32     1                 jumpStartPos
    28f7     28f7       32     1         wizard.o.lto.o:(.rodata.jumpEndPos)
    28f7     28f7       32     1                 jumpEndPos
    2929     2929       18     1         wizard.o.lto.o:(.rodata.pfSCBTemplate)
    2929     2929       18     1                 pfSCBTemplate
    2941     2941        4     1         <internal>:(.rodata.cst4)
    2945     2945      35a     1         <internal>:(.rodata.str1.1)
    2c9f     2c9f       12     1         wizard.o.lto.o:(.rodata..L.str.41)
    2cb1     2cb1       11     1         wizard.o.lto.o:(.rodata..L.str.42)
    2cc2     2cc2        a     1         wizard.o.lto.o:(.rodata..L.str.43)
    2ccc     2ccc       16     1         wizard.o.lto.o:(.rodata..L.str.44)
    2ce2     2ce2       15     1         wizard.o.lto.o:(.rodata..L.str.45)
    2cf7     2cf7        9     1         wizard.o.lto.o:(.rodata..L.str.46)
    2d00     2d00      4c0     1         wizard.o.lto.o:(.rodata.fontData)
    2d00     2d00      4c0     1                 fontData
    31c0     31c0     1a71     1 .data
    31c0     31c0        0     1         __data_start = .
    31c0     31c0       88     1         wizard.o.lto.o:(.data.instrZapper)
    31c0     31c0       88     1                 instrZapper
    3248     3248       88     1         wizard.o.lto.o:(.data.instrDing)
    3248     3248       88     1                 instrDing
    32d0     32d0       88     1         wizard.o.lto.o:(.data.instrBeep)
    32d0     32d0       88     1                 instrBeep
    3358     3358       88     1         wizard.o.lto.o:(.data.instrSolved)
    3358     3358       88     1                 instrSolved
    33e0     33e0       88     1         wizard.o.lto.o:(.data.instrNo)
    33e0     33e0       88     1                 instrNo
    3468     3468       88     1         wizard.o.lto.o:(.data.instrShip)
    3468     3468       88     1                 instrShip
    34f0     34f0       20     1         wizard.o.lto.o:(.data.pal)
    34f0     34f0       20     1                 pal
    3510     3510       47     1         wizard.o.lto.o:(.data.playerSpr)
    3510     3510       47     1                 playerSpr
    3557     3557       47     1         wizard.o.lto.o:(.data.cageSpr)
    3557     3557       47     1                 cageSpr
    359e     359e       47     1         wizard.o.lto.o:(.data.crossSpr)
    359e     359e       47     1                 crossSpr
    35e5     35e5       47     1         wizard.o.lto.o:(.data.entrance1Spr)
    35e5     35e5       47     1                 entrance1Spr
    362c     362c       47     1         wizard.o.lto.o:(.data.entrance2Spr)
    362c     362c       47     1                 entrance2Spr
    3673     3673       47     1         wizard.o.lto.o:(.data.entrance3Spr)
    3673     3673       47     1                 entrance3Spr
    36ba     36ba       47     1         wizard.o.lto.o:(.data.falconSpr)
    36ba     36ba       47     1                 falconSpr
    3701     3701       47     1         wizard.o.lto.o:(.data.fireSpr)
    3701     3701       47     1                 fireSpr
    3748     3748       47     1         wizard.o.lto.o:(.data.flaskSpr)
    3748     3748       47     1                 flaskSpr
    378f     378f       47     1         wizard.o.lto.o:(.data.forestSpr)
    378f     378f       47     1                 forestSpr
    37d6     37d6       47     1         wizard.o.lto.o:(.data.hammerSpr)
    37d6     37d6       47     1                 hammerSpr
    381d     381d       47     1         wizard.o.lto.o:(.data.landSpr)
    381d     381d       47     1                 landSpr
    3864     3864       47     1         wizard.o.lto.o:(.data.mountainSpr)
    3864     3864       47     1                 mountainSpr
    38ab     38ab       47     1         wizard.o.lto.o:(.data.portalSpr)
    38ab     38ab       47     1                 portalSpr
    38f2     38f2       47     1         wizard.o.lto.o:(.data.shipSpr)
    38f2     38f2       47     1                 shipSpr
    3939     3939       47     1         wizard.o.lto.o:(.data.skullSpr)
    3939     3939       47     1                 skullSpr
    3980     3980       47     1         wizard.o.lto.o:(.data.snakeSpr)
    3980     3980       47     1                 snakeSpr
    39c7     39c7       47     1         wizard.o.lto.o:(.data.spadeSpr)
    39c7     39c7       47     1                 spadeSpr
    3a0e     3a0e       47     1         wizard.o.lto.o:(.data.stickSpr)
    3a0e     3a0e       47     1                 stickSpr
    3a55     3a55       47     1         wizard.o.lto.o:(.data.wallSpr)
    3a55     3a55       47     1                 wallSpr
    3a9c     3a9c       47     1         wizard.o.lto.o:(.data.waterSpr)
    3a9c     3a9c       47     1                 waterSpr
    3ae3     3ae3       47     1         wizard.o.lto.o:(.data.webSpr)
    3ae3     3ae3       47     1                 webSpr
    3b2a     3b2a       47     1         wizard.o.lto.o:(.data.wizardSpr)
    3b2a     3b2a       47     1                 wizardSpr
    3b71     3b71       47     1         wizard.o.lto.o:(.data.floorSpr)
    3b71     3b71       47     1                 floorSpr
    3bb8     3bb8       47     1         wizard.o.lto.o:(.data.stairSpr)
    3bb8     3bb8       47     1                 stairSpr
    3bff     3bff       47     1         wizard.o.lto.o:(.data.bridgeSpr)
    3bff     3bff       47     1                 bridgeSpr
    3c46     3c46       47     1         wizard.o.lto.o:(.data.daggerSpr)
    3c46     3c46       47     1                 daggerSpr
    3c8d     3c8d       47     1         wizard.o.lto.o:(.data.cagedFalconSpr)
    3c8d     3c8d       47     1                 cagedFalconSpr
    3cd4     3cd4       47     1         wizard.o.lto.o:(.data.torchSpr)
    3cd4     3cd4       47     1                 torchSpr
    3d1b     3d1b       47     1         wizard.o.lto.o:(.data.rampartSpr)
    3d1b     3d1b       47     1                 rampartSpr
    3d62     3d62      253     1         wizard.o.lto.o:(.data.logoSpr)
    3d62     3d62      253     1                 logoSpr
    3fb5     3fb5      c00     1         wizard.o.lto.o:(.data.worldtilemap)
    3fb5     3fb5      c00     1                 worldtilemap
    4bb5     4bb5       18     1         wizard.o.lto.o:(.data.playerSCB)
    4bb5     4bb5       18     1                 playerSCB
    4bcd     4bcd       18     1         wizard.o.lto.o:(.data.inventorySCB)
    4bcd     4bcd       18     1                 inventorySCB
    4be5     4be5        4     1         wizard.o.lto.o:(.data.sprclr)
    4be5     4be5        4     1                 sprclr
    4be9     4be9       18     1         wizard.o.lto.o:(.data.clearSCB)
    4be9     4be9       18     1                 clearSCB
    4c01     4c01       18     1         wizard.o.lto.o:(.data.logoSCB)
    4c01     4c01       18     1                 logoSCB
    4c19     4c19       18     1         wizard.o.lto.o:(.data.charSCB)
    4c19     4c19       18     1                 charSCB
    4c31     4c31        0     1         __data_end = .
    4c31     4c31        0     1 __data_load_start = LOADADDR(.data)
    4c31     4c31        0     1 __data_size = SIZEOF(.data)
    4c31     4c31      1bf     1 .bss
    4c31     4c31        0     1         __bss_start = .
    4c31     4c31      108     1         wizard.o.lto.o:(.bss.pfSCBs)
    4c31     4c31      108     1                 pfSCBs
    4d39     4d39       23     1         wizard.o.lto.o:(.bss.inventory)
    4d39     4d39       23     1                 inventory
    4d5c     4d5c       80     1         wizard.o.lto.o:(.bss.charData)
    4d5c     4d5c       80     1                 charData
    4ddc     4ddc       14     1         wizard.o.lto.o:(.bss.textBuffer)
    4ddc     4ddc       14     1                 textBuffer
    4df0     4df0        0     1         __bss_end = .
    4df0     4df0        0     1 __bss_size = SIZEOF(.bss)
    4df0     4df0        0     1 .noinit
    4df0     4df0        0     1         __heap_start = ALIGN(., 2)
    4df0     4df0        0     1 __stack = __hiram_start
       0        0       cc     1 .comment
       0        0       cc     1         <internal>:(.comment)
       0        0      9c0     4 .symtab
       0        0      9c0     4         <internal>:(.symtab)
       0        0       56     1 .shstrtab
       0        0       56     1         <internal>:(.shstrtab)
       0        0      632     1 .strtab
       0        0      632     1         <internal>:(.strtab)
